// Jest Snapshot v1, https://goo.gl/fbAQLP

exports[`404 Error should render the 404 Error Component if the user attempts to navigate to a page that does not exsist 1`] = `ShallowWrapper {}`;
