// Jest Snapshot v1, https://goo.gl/fbAQLP

exports[`Monitor should match the snapshot 1`] = `ShallowWrapper {}`;
