// Jest Snapshot v1, https://goo.gl/fbAQLP

exports[`App Methods and JSX should match the snapshot 1`] = `ShallowWrapper {}`;
